AR encoder behavioral C:/Temp/Work/VHDL/ENCODER/rotary_encoder.vhd sub00/vhpl05 1500830920
MO CB16CE_MXILINX_TOPLEVEL NULL TOPLEVEL.vf vlg0E/_c_b16_c_e___m_x_i_l_i_n_x___t_o_p_l_e_v_e_l.bin 1460488114
EN rotary_decoder NULL C:/Checkout3/Hack.org.za/Xilinx/ENCODER/rotary_encoder.vhd sub00/vhpl00 1460225525
AR updowncounter4bit behavioral C:/Temp/Work/VHDL/ENCODER/UpDownCounter4Bit.vhd sub00/vhpl07 1500830922
MO FTCE_MXILINX_TOPLEVEL NULL TOPLEVEL.vf vlg74/_f_t_c_e___m_x_i_l_i_n_x___t_o_p_l_e_v_e_l.bin 1460488114
EN updowncounter4bit NULL C:/Temp/Work/VHDL/ENCODER/UpDownCounter4Bit.vhd sub00/vhpl06 1500830921
EN left_right_leds NULL C:/Checkout3/Hack.org.za/Xilinx/ENCODER/rotary_encoder.vhd sub00/vhpl02 1460225647
EN encoder NULL C:/Temp/Work/VHDL/ENCODER/rotary_encoder.vhd sub00/vhpl04 1500830919
AR rotary_decoder behavioral C:/Checkout3/Hack.org.za/Xilinx/ENCODER/rotary_encoder.vhd sub00/vhpl01 1460225526
MO FTRSE_MXILINX_TOPLEVEL NULL TOPLEVEL.vf vlg36/_f_t_r_s_e___m_x_i_l_i_n_x___t_o_p_l_e_v_e_l.bin 1460314307
AR left_right_leds behavioral C:/Checkout3/Hack.org.za/Xilinx/ENCODER/rotary_encoder.vhd sub00/vhpl03 1460225648
MO TOPLEVEL NULL TOPLEVEL.vf vlg63/_t_o_p_l_e_v_e_l.bin 1500830919
MO CB4RE_MXILINX_TOPLEVEL NULL TOPLEVEL.vf vlg66/_c_b4_r_e___m_x_i_l_i_n_x___t_o_p_l_e_v_e_l.bin 1460314307
